// Jest Snapshot v1, https://goo.gl/fbAQLP

exports[`resetGameState should return the updated state 1`] = `
Object {
  "bothStrong": false,
  "bothWeak": false,
  "roundCompleted": false,
  "winner": false,
  "winningCard": "",
}
`;
