// Jest Snapshot v1, https://goo.gl/fbAQLP

exports[`setCard1WinsAndPicked should return a function 1`] = `[Function]`;

exports[`setCard1WinsAndPicked should return a function that then updates the state 1`] = `
Object {
  "roundCompleted": true,
  "winStreak": 2,
  "winner": true,
  "winningCard": "card1",
}
`;
