// Jest Snapshot v1, https://goo.gl/fbAQLP

exports[`CardButton should render with props 1`] = `
ShallowWrapper {
  "length": 1,
  Symbol(enzyme.__root__): [Circular],
  Symbol(enzyme.__unrendered__): <Unknown
    calculate={[Function]}
    card={
        Object {
            "name": "Red Wizard",
          }
    }
    id={1}
    roundCompleted={false}
/>,
  Symbol(enzyme.__renderer__): Object {
    "batchedUpdates": [Function],
    "getNode": [Function],
    "render": [Function],
    "simulateEvent": [Function],
    "unmount": [Function],
  },
  Symbol(enzyme.__node__): Object {
    "instance": null,
    "key": undefined,
    "nodeType": "class",
    "props": Object {
      "children": "Red Wizard",
      "className": "btn-lg",
      "color": "secondary",
      "disabled": false,
      "id": 1,
      "onClick": [Function],
      "tag": "button",
    },
    "ref": null,
    "rendered": "Red Wizard",
    "type": [Function],
  },
  Symbol(enzyme.__nodes__): Array [
    Object {
      "instance": null,
      "key": undefined,
      "nodeType": "class",
      "props": Object {
        "children": "Red Wizard",
        "className": "btn-lg",
        "color": "secondary",
        "disabled": false,
        "id": 1,
        "onClick": [Function],
        "tag": "button",
      },
      "ref": null,
      "rendered": "Red Wizard",
      "type": [Function],
    },
  ],
  Symbol(enzyme.__options__): Object {
    "adapter": ReactSixteenAdapter {
      "options": Object {
        "enableComponentDidUpdateOnSetState": true,
      },
    },
  },
}
`;
