// Jest Snapshot v1, https://goo.gl/fbAQLP

exports[`WinStreak renders correctly 1`] = `
<div>
  <h2
    className="text-info"
    style={
      Object {
        "marginBottom": "40px",
      }
    }
  >
    Win Streak: 
  </h2>
</div>
`;
